Godot Engine v4.7.2.stable.official.ed1daf0bf - https://godotengine.org

=================================================================
=== TESTE DE FLUXO DE MENUS & ÁUDIO PROCEDURAL (HEADLESS) ===
=================================================================
  [PASS] Autoloads Presentes - SaveManager, SettingsManager, CampaignState e WantedManager ativos

--- [ETAPA 0] Validação da Engine de Áudio Procedural (MenuAudio) ---
  [PASS] Síntese do SFX de Hover - AudioStreamWAV PCM 16-bit (1984 bytes)
  [PASS] Síntese do SFX de Clique - AudioStreamWAV PCM 16-bit (6174 bytes)
  [PASS] Síntese da Música de Fundo (Loop) - AudioStreamWAV Loop 6s (89072 samples)
  [PASS] Roteamento de Barramentos (SFX & Music) - SFX=SFX, Music=Music

--- [ETAPA 1] MainMenu -> 'Novo Jogo' -> Main.tscn ---
  [PASS] Instanciar MainMenu - MainMenu ativo como current_scene
  [PASS] Música de Fundo no MainMenu - Player ativo no bus 'Music', tocando: true
  [PASS] Vinculação de Áudio nos Botões (MainMenu) - Metadado __menu_audio_hooked ativo
  [PASS] Disparo de SFX de Hover - AudioStreamPlayer '__MenuHoverPlayer' criado no bus SFX
  Acionando sinal 'pressed' do botão Novo Jogo...
  [PASS] Disparo de SFX de Clique - AudioStreamPlayer '__MenuClickPlayer' criado no bus SFX
WARNING: Camera2D overridden to physics process mode due to use of physics interpolation.
   at: _update_process_callback (scene/2d/camera_2d.cpp:88)
   GDScript backtrace (most recent call first):
       [0] _run (res://ui/GameLoading.gd:60)
       [1] _draw_frame (res://ui/GameLoading.gd:29)
DISTRICT_ROAD_SAFETY: crosswalks=100 rail_level=0 rail_grade_separated=6 errors=0 warnings=0
BREAKWATER_AUDIT buildings=50 access_routes=48 issues=0
  [PASS] Transição de Cena para Main.tscn - Cena atual: res://world/harbor/HarborGame.tscn
  [PASS] Reset de Estado (CampaignState & Wanted) - Stage: bus_terminal_arrival, Stars: 0
  [PASS] Player Inicializado no Mundo - Player em (1701.287, 1130.07)

--- [ETAPA 2] PauseMenu In-Game (ESC, Salvar, Config, Voltar ao Menu) ---
  [PASS] PauseMenu Presente no Mundo - PauseMenu localizado na árvore
  [PASS] Abertura via ESC (Pausa e Visibilidade) - Paused: true, Visible: true
  [PASS] Vinculação de Áudio nos Botões (PauseMenu) - Metadado __menu_audio_hooked ativo nos botões de pausa
  [PASS] Opção 'Salvar' no PauseMenu - Modal de slots aberta com 5 slots
  [PASS] Opção 'Configurações' no PauseMenu - SettingsMenu instanciado e sobreposto ao PauseMenu
  [PASS] Criação de Save de Teste em slot_01 - Dinheiro=$77777, HP=80, Armor=45
  Acionando 'Voltar ao Menu' a partir do PauseMenu...
  [PASS] Opção 'Voltar ao Menu' e Despausa - Cena: res://ui/MainMenu.tscn, Paused: false
  [PASS] Retomada da Música ao Voltar ao Menu - Música reiniciada e tocando no MainMenu

--- [ETAPA 3] MainMenu -> 'Configurações' (Empilhamento, Persistência & Volumes) ---
  [PASS] SettingsMenu Empilhado sobre MainMenu - SettingsMenu adicionado como filho sem descarregar MainMenu
  [PASS] Vinculação de Áudio nos Botões (SettingsMenu) - Metadado __menu_audio_hooked ativo no SettingsMenu
  [PASS] Persistência e Aplicação nos Barramentos de Áudio - Master=0.42, Music=0.55, SFX=0.70, Buses atualizados no AudioServer

--- [ETAPA 4] MainMenu -> 'Carregar Jogo' -> Carregar slot_01 -> Main.tscn ---
  [PASS] Painel de Carregamento Aberto - Slots renderizados: 6
  [PASS] Slot_01 Válido com Hook de Áudio Dinâmico - Botão do slot_01 habilitado e com hook de áudio
  Selecionando slot_01 para carregamento...
DISTRICT_ROAD_SAFETY: crosswalks=100 rail_level=0 rail_grade_separated=6 errors=0 warnings=0
SaveManager: Save aplicado com sucesso no mundo!
BREAKWATER_AUDIT buildings=50 access_routes=48 issues=0
  [PASS] Transição de Cena pós-Load - Cena: res://world/harbor/HarborGame.tscn
  [PASS] Estado do Jogador Restaurado pelo Save - Money=$77777 (esp 77777), HP=80 (esp 80), Armor=45 (esp 45), Pos=(1600.0, 900.0)

=================================================================
=== RESULTADOS FINAIS: INTEGRAÇÃO DE FLUXO & ÁUDIO DE MENUS ===
=================================================================
  [PASS] Autoloads Presentes
  [PASS] Síntese do SFX de Hover
  [PASS] Síntese do SFX de Clique
  [PASS] Síntese da Música de Fundo (Loop)
  [PASS] Roteamento de Barramentos (SFX & Music)
  [PASS] Instanciar MainMenu
  [PASS] Música de Fundo no MainMenu
  [PASS] Vinculação de Áudio nos Botões (MainMenu)
  [PASS] Disparo de SFX de Hover
  [PASS] Disparo de SFX de Clique
  [PASS] Transição de Cena para Main.tscn
  [PASS] Reset de Estado (CampaignState & Wanted)
  [PASS] Player Inicializado no Mundo
  [PASS] PauseMenu Presente no Mundo
  [PASS] Abertura via ESC (Pausa e Visibilidade)
  [PASS] Vinculação de Áudio nos Botões (PauseMenu)
  [PASS] Opção 'Salvar' no PauseMenu
  [PASS] Opção 'Configurações' no PauseMenu
  [PASS] Criação de Save de Teste em slot_01
  [PASS] Opção 'Voltar ao Menu' e Despausa
  [PASS] Retomada da Música ao Voltar ao Menu
  [PASS] SettingsMenu Empilhado sobre MainMenu
  [PASS] Vinculação de Áudio nos Botões (SettingsMenu)
  [PASS] Persistência e Aplicação nos Barramentos de Áudio
  [PASS] Painel de Carregamento Aberto
  [PASS] Slot_01 Válido com Hook de Áudio Dinâmico
  [PASS] Transição de Cena pós-Load
  [PASS] Estado do Jogador Restaurado pelo Save
-----------------------------------------------------------------
=== SUCESSO COMPLETO: FLUXO E ÁUDIO 100% FUNCIONAIS! (EXIT 0) ===
