Godot Engine v4.7.2.stable.official.ed1daf0bf - https://godotengine.org
Vulkan 1.4.341 - Forward+ - Using Device #0: NVIDIA - NVIDIA GeForce RTX 4060 Laptop GPU

PASS falha de carregamento oferece retorno
PASS retorno após falha recupera navegação
PASS sem save, Novo jogo é a entrada principal
PASS foco fica dentro do modal de carregar
PASS ações atrás do modal bloqueadas
PASS Esc fecha modal e restaura ações
PASS remapeia buzina para K
PASS atalho antigo removido
PASS conflito de atalho rejeitado
PASS Cancelar restaura preferências mesmo sem arquivo anterior
PASS troca de resolução exige confirmação
PASS vídeo reverte automaticamente sem confirmação
PASS Novo jogo abre tela de loading
PASS clique duplo não inicia outra transição
WARNING: Camera2D overridden to physics process mode due to use of physics interpolation.
   at: _update_process_callback (scene/2d/camera_2d.cpp:88)
   GDScript backtrace (most recent call first):
       [0] _run (res://ui/GameLoading.gd:60)
       [1] _draw_frame (res://ui/GameLoading.gd:29)
DISTRICT_ROAD_SAFETY: crosswalks=100 rail_level=0 rail_grade_separated=6 errors=0 warnings=0
BREAKWATER_AUDIT buildings=50 access_routes=48 issues=0
PASS carregamento termina e libera a tela
PASS entrada termina no jogo principal
PASS loading aguarda preparo do mundo e gameplay
PASS save isolado criado
PASS rota do objetivo segue segmentos de rua
PASS Carregar na pausa abre loading
DISTRICT_ROAD_SAFETY: crosswalks=100 rail_level=0 rail_grade_separated=6 errors=0 warnings=0
SaveManager: Save aplicado com sucesso no mundo!
BREAKWATER_AUDIT buildings=50 access_routes=48 issues=0
PASS carregamento termina e libera a tela
PASS load restaura dinheiro e vida
PASS load de pausa não deixa a partida congelada
PASS diário destaca retorno à partida
PASS diálogo limpa HUD e mapa
PASS arsenal abre para revisão
PASS pausa com texto 125% cabe em 720p
PASS configurações com texto 125% cabem em 720p
PASS toque solta disparo ao suspender controles
PASS save válido oferece Continuar
PASS viewport real (1920, 1080)
PASS viewport real (1600, 1000)
PASS viewport real (1920, 810)
PASS Continuar abre loading
DISTRICT_ROAD_SAFETY: crosswalks=100 rail_level=0 rail_grade_separated=6 errors=0 warnings=0
SaveManager: Save aplicado com sucesso no mundo!
BREAKWATER_AUDIT buildings=50 access_routes=48 issues=0
PASS carregamento termina e libera a tela
PASS Continuar usa o save válido
PREMIUM UI: 0 falha(s)
