Godot Engine v4.7.2.stable.official.ed1daf0bf - https://godotengine.org

WARNING: Camera2D overridden to physics process mode due to use of physics interpolation.
   at: _update_process_callback (scene/2d/camera_2d.cpp:88)
   GDScript backtrace (most recent call first):
       [0] _run (res://tests/test_mountain_world_consistency.gd:16)
DISTRICT_ROAD_SAFETY: crosswalks=100 rail_level=0 rail_grade_separated=6 errors=0 warnings=0
BREAKWATER_AUDIT buildings=50 access_routes=48 issues=0
PASS Veículos da serra nascem separados no mundo contínuo (509.9 px)
PASS Frota regional tem ao menos seis tipos de veículo
PASS Moradores de inverno presentes na serra: 15
PASS Moradores distribuídos também na região de neve
PASS Duas faixas da ponte encontradas
PASS Ponte aguarda espaço na faixa da serra
PASS Fila bloqueada preserva a posição do veículo
PASS Transferência liberada quando a fila anda
PASS Transferência sem salto entre regiões
PASS Carros mantêm a ordem ao fazer a curva da ponte
PASS Carro completa o arco sem ficar preso
PASS Carrocerias não se sobrepõem na saída da curva
PASS Porta detecta jogador do porto: /root/HarborGame/MountainRegion/MountainSceneryDetailed/MountainChalets/PineCrestCabin/Door
PASS Entrada leva ao interior correto: mountain_cabin
PASS Saída detecta o jogador: mountain_cabin
PASS Saída devolve ao exterior: mountain_cabin
PASS Porta detecta jogador do porto: /root/HarborGame/MountainRegion/MountainSceneryDetailed/MountainChalets/TimberlineChalet/Door
PASS Entrada leva ao interior correto: mountain_cabin
PASS Saída detecta o jogador: mountain_cabin
PASS Saída devolve ao exterior: mountain_cabin
PASS Porta detecta jogador do porto: /root/HarborGame/MountainRegion/MountainSceneryDetailed/MountainChalets/RangerStation/Door
PASS Entrada leva ao interior correto: mountain_cabin
PASS Saída detecta o jogador: mountain_cabin
PASS Saída devolve ao exterior: mountain_cabin
PASS Porta detecta jogador do porto: /root/HarborGame/MountainRegion/MountainExpedition/SnowOutfitters/OutfittersEntrance
PASS Entrada leva ao interior correto: mountain_outfitters
PASS Saída detecta o jogador: mountain_outfitters
PASS Saída devolve ao exterior: mountain_outfitters
PASS Porta detecta jogador do porto: /root/HarborGame/MountainRegion/MountainSettlement/ForestCabinEntrance0
PASS Entrada leva ao interior correto: lumberjack_shelter
PASS Saída detecta o jogador: lumberjack_shelter
PASS Saída devolve ao exterior: lumberjack_shelter
PASS Porta detecta jogador do porto: /root/HarborGame/MountainRegion/MountainSettlement/ForestCabinEntrance1
PASS Entrada leva ao interior correto: lumberjack_shelter
PASS Saída detecta o jogador: lumberjack_shelter
PASS Saída devolve ao exterior: lumberjack_shelter
PASS Porta detecta jogador do porto: /root/HarborGame/MountainRegion/MountainSettlement/ForestCabinEntrance2
PASS Entrada leva ao interior correto: lumberjack_shelter
PASS Saída detecta o jogador: lumberjack_shelter
PASS Saída devolve ao exterior: lumberjack_shelter
PASS Grama diante do abrigo é transitável sem colisão/dano: []
PASS Costa preservada e terra da serra livre em (8000.0, -4300.0)
PASS Costa preservada e terra da serra livre em (8000.0, -4800.0)
PASS Costa preservada e terra da serra livre em (10300.0, -4300.0)
PASS Costa preservada e terra da serra livre em (10300.0, -4800.0)
PASS Costa preservada e terra da serra livre em (7000.0, 2500.0)
MOUNTAIN WORLD FAILURES: []
