Godot Engine v4.7.2.stable.official.ed1daf0bf - https://godotengine.org

WARNING: Camera2D overridden to physics process mode due to use of physics interpolation.
   at: _update_process_callback (scene/2d/camera_2d.cpp:88)
   GDScript backtrace (most recent call first):
       [0] _setup_interior_content (res://world/mountain_pass/MountainBunkerInterior.gd:84)
       [1] _ready (res://world/harbor/interiors/HarborInteriorBase.gd:38)
       [2] _build_interiors (res://world/mountain_pass/MountainInteriorManager.gd:56)
       [3] _ready (res://world/mountain_pass/MountainInteriorManager.gd:30)
       [4] _setup_environment (res://world/mountain_pass/MountainPass.gd:99)
       [5] _ready (res://world/mountain_pass/MountainPass.gd:56)
PASS clear interval between snow fronts
PASS front builds into heavy weather
PASS changing front cannot emit inside shelter
PASS front fades back to calm
PASS fifteen winter residents present across the valley and snow stops
PASS two adults and two cubs in remote forest
PASS bear attack damages real player
PASS bite cooldown prevents per-frame damage
PASS bear stops chasing outside forest territory
PASS real cabin door opens
PASS physical modeled weapon: LegendaryRifleStation
PASS pickup rotates in occupied room
PASS proximity collects without E: LegendaryRifleStation
PASS weapon and pickup ID granted once
PASS pickup persists through JSON save
PASS physical modeled weapon: HuntingKnifeStation
PASS pickup rotates in occupied room
PASS proximity collects without E: HuntingKnifeStation
PASS weapon and pickup ID granted once
PASS pickup persists through JSON save
PASS save includes occupied room
PASS mountain traffic fleet present
MOUNTAIN LIFE FAILURES: []
