Godot Engine v4.7.2.stable.official.ed1daf0bf - https://godotengine.org
Vulkan 1.4.341 - Forward+ - Using Device #0: NVIDIA - NVIDIA GeForce RTX 4060 Laptop GPU

CAPTURE 01_menu_720 viewport=(1280.0, 720.0)
CAPTURE 02_load_empty viewport=(1280.0, 720.0)
LOAD_FOCUS BtnLoadGame
LOAD_VISIBLE_AFTER_ESCAPE true
CAPTURE 03_settings_audio viewport=(1280.0, 720.0)
CAPTURE 04_settings_video viewport=(1280.0, 720.0)
CAPTURE 05_settings_video_en viewport=(1280.0, 720.0)
CAPTURE 06_settings_controls viewport=(1280.0, 720.0)
SETTINGS_VISIBLE_AFTER_ESCAPE false
CAPTURE 07_menu_16x10 viewport=(1280.0, 720.0)
CAPTURE 13_menu_1080 viewport=(1920.0, 1080.0)
WARNING: Camera2D overridden to physics process mode due to use of physics interpolation.
   at: _update_process_callback (scene/2d/camera_2d.cpp:88)
   GDScript backtrace (most recent call first):
       [0] run (res://docs/measurements/uiux-0910/capture_review.gd:72)
       [1] shot (res://docs/measurements/uiux-0910/capture_review.gd:13)
DISTRICT_ROAD_SAFETY: crosswalks=100 rail_level=0 rail_grade_separated=6 errors=0 warnings=0
BREAKWATER_AUDIT buildings=50 access_routes=48 issues=0
CAPTURE 08_gameplay_720 viewport=(1280.0, 720.0)
CAPTURE 09_pause viewport=(1280.0, 720.0)
CAPTURE 11_dialogue_current viewport=(1280.0, 720.0)
CAPTURE 10_board_current viewport=(1280.0, 720.0)
CAPTURE 12_journal_current viewport=(1280.0, 720.0)
CAPTURE 14_gameplay_1080 viewport=(1920.0, 1080.0)
AUDITORIA CAPTURADA
